// Jest Snapshot v1, https://jestjs.io/docs/snapshot-testing

exports[`shouldRenderExpenseDashboardPageCorrectly 1`] = `
<body>
  <div>
    <div>
      <div>
        <h1>
          Viewing 
          0
           
          expenses
           totalling 
          $0.00
        </h1>
      </div>
      <div>
        <input
          type="text"
          value=""
        />
        <select>
          <option
            selected=""
            value="date"
          >
            Date
          </option>
          <option
            value="amount"
          >
            Amount
          </option>
        </select>
        <div
          class="react-datepicker-wrapper"
        >
          <div
            class="react-datepicker__input-container"
          >
            <input
              class=""
              placeholder="startDate - endDate"
              type="text"
              value="01/01/1970 - 31/01/1970"
            />
            <button
              aria-label="Close"
              class="react-datepicker__close-icon"
              tabindex="-1"
              type="button"
            />
          </div>
        </div>
      </div>
      <div>
        <h1>
          Expense List
        </h1>
        <p>
          No expenses
        </p>
      </div>
    </div>
  </div>
</body>
`;
