// Jest Snapshot v1, https://jestjs.io/docs/snapshot-testing

exports[`testRenderExpenseListItem 1`] = `
<body>
  <div>
    <div>
      <h3>
        <a
          data-discover="true"
          href="/edit/1"
        >
          Gum
        </a>
      </h3>
      <p>
        $1.95
        -
        January 1st, 1970
      </p>
    </div>
  </div>
</body>
`;
