// Jest Snapshot v1, https://jestjs.io/docs/snapshot-testing

exports[`shouldRenderHeaderCorrectly 1`] = `
<body>
  <div>
    <header>
      <h1>
        Expensify
      </h1>
      <a
        class="in-active"
        data-discover="true"
        href="/dashboard"
      >
        Dashboard
      </a>
       |
      <a
        class="in-active"
        data-discover="true"
        href="/create"
      >
        Create Expense
      </a>
       |
      <a
        class="in-active"
        data-discover="true"
        href="/help"
      >
        Help
      </a>
      <button>
        Logout
      </button>
    </header>
  </div>
</body>
`;
